stm32f1xx_hal_usart.c:295:19:HAL_USART_Init	16	static
stm32f1xx_hal_usart.c:354:19:HAL_USART_DeInit	16	static
stm32f1xx_hal_usart.c:397:13:HAL_USART_MspInit	16	static
stm32f1xx_hal_usart.c:412:13:HAL_USART_MspDeInit	16	static
stm32f1xx_hal_usart.c:744:19:HAL_USART_Transmit	40	static
stm32f1xx_hal_usart.c:829:19:HAL_USART_Receive	40	static
stm32f1xx_hal_usart.c:938:19:HAL_USART_TransmitReceive	40	static
stm32f1xx_hal_usart.c:1055:19:HAL_USART_Transmit_IT	24	static
stm32f1xx_hal_usart.c:1108:19:HAL_USART_Receive_IT	24	static
stm32f1xx_hal_usart.c:1158:19:HAL_USART_TransmitReceive_IT	24	static
stm32f1xx_hal_usart.c:1213:19:HAL_USART_Transmit_DMA	32	static
stm32f1xx_hal_usart.c:1280:19:HAL_USART_Receive_DMA	32	static
stm32f1xx_hal_usart.c:1375:19:HAL_USART_TransmitReceive_DMA	32	static
stm32f1xx_hal_usart.c:1462:19:HAL_USART_DMAPause	16	static
stm32f1xx_hal_usart.c:1482:19:HAL_USART_DMAResume	16	static
stm32f1xx_hal_usart.c:1502:19:HAL_USART_DMAStop	24	static
stm32f1xx_hal_usart.c:1559:19:HAL_USART_Abort	16	static
stm32f1xx_hal_usart.c:1625:19:HAL_USART_Abort_IT	24	static
stm32f1xx_hal_usart.c:1744:6:HAL_USART_IRQHandler	40	static
stm32f1xx_hal_usart.c:1906:13:HAL_USART_TxCpltCallback	16	static
stm32f1xx_hal_usart.c:1921:13:HAL_USART_TxHalfCpltCallback	16	static
stm32f1xx_hal_usart.c:1936:13:HAL_USART_RxCpltCallback	16	static
stm32f1xx_hal_usart.c:1951:13:HAL_USART_RxHalfCpltCallback	16	static
stm32f1xx_hal_usart.c:1966:13:HAL_USART_TxRxCpltCallback	16	static
stm32f1xx_hal_usart.c:1981:13:HAL_USART_ErrorCallback	16	static
stm32f1xx_hal_usart.c:1995:13:HAL_USART_AbortCpltCallback	16	static
stm32f1xx_hal_usart.c:2034:24:HAL_USART_GetState	16	static
stm32f1xx_hal_usart.c:2045:10:HAL_USART_GetError	16	static
stm32f1xx_hal_usart.c:2083:13:USART_DMATransmitCplt	24	static
stm32f1xx_hal_usart.c:2122:13:USART_DMATxHalfCplt	24	static
stm32f1xx_hal_usart.c:2141:13:USART_DMAReceiveCplt	24	static
stm32f1xx_hal_usart.c:2216:13:USART_DMARxHalfCplt	24	static
stm32f1xx_hal_usart.c:2235:13:USART_DMAError	24	static
stm32f1xx_hal_usart.c:2278:26:USART_WaitOnFlagUntilTimeout	24	static
stm32f1xx_hal_usart.c:2317:13:USART_EndTxTransfer	16	static
stm32f1xx_hal_usart.c:2331:13:USART_EndRxTransfer	16	static
stm32f1xx_hal_usart.c:2347:13:USART_DMAAbortOnError	24	static
stm32f1xx_hal_usart.c:2370:13:USART_DMATxAbortCallback	24	static
stm32f1xx_hal_usart.c:2413:13:USART_DMARxAbortCallback	24	static
stm32f1xx_hal_usart.c:2455:26:USART_Transmit_IT	24	static
stm32f1xx_hal_usart.c:2501:26:USART_EndTransmit_IT	16	static
stm32f1xx_hal_usart.c:2528:26:USART_Receive_IT	24	static
stm32f1xx_hal_usart.c:2606:26:USART_TransmitReceive_IT	24	static
stm32f1xx_hal_usart.c:2715:13:USART_SetConfig	24	static
